// Jest Snapshot v1, https://goo.gl/fbAQLP

exports[`Rules should match the snapshot 1`] = `
<React.Fragment>
  <styled.h2>
    Rules
  </styled.h2>
  <p>
    "It's very simple. Scissors cuts paper, paper covers rock, rock crushes lizard, lizard poisons Spock, Spock smashes scissors, scissors decapitates lizard, lizard eats paper, paper disproves Spock, Spock vaporizes rock, and as it always has rock crushes scissors"
  </p>
</React.Fragment>
`;
